// Jest Snapshot v1, https://goo.gl/fbAQLP

exports[`Storyshots App with text 1`] = `
<div>
  hi
  bye
</div>
`;
